{"schedules":[{"sheetId":"1Y0ckxL8HvbFncwF1zpYLq_CMbshyUXTNCyU2IZnILwk","schedulesByDate":[{"date":"2024-10-19T00:00:00+00:00","fixturesByTime":[{"time":"12:15","fixtures":[{"time":"12:15","stage":"CUP POOL","pitch":"AGP 1","homeTeam":"London Eagles","homeTeamScore":"3","homeTeamScoreRange":"Schedule!C8","awayTeam":"Wolves","awayTeamScore":"1","awayTeamScoreRange":"Schedule!C9","ref1":"JONATHAN G","ref1Range":"","ref2":"OWEN C","ref2Range":"","ref3":"","ref3Range":"","videoUrl":""},{"time":"12:15","stage":"CUP POOL","pitch":"AGP 2","homeTeam":"Farnham Hornets","homeTeamScore":"5","homeTeamScoreRange":"Schedule!F8","awayTeam":"Invicta Touch","awayTeamScore":"2","awayTeamScoreRange":"Schedule!F9","ref1":"LAYO A","ref1Range":"","ref2":"CHRISTINE","ref2Range":"","ref3":"","ref3Range":"","videoUrl":""}]},{"time":"12:45","fixtures":[{"time":"12:45","stage":"CUP POOL","pitch":"AGP 1","homeTeam":"Horsham Tigers","homeTeamScore":"5","homeTeamScoreRange":"Schedule!C12","awayTeam":"Surrey University","awayTeamScore":"3","awayTeamScoreRange":"Schedule!C13","ref1":"JONATHAN G","ref1Range":"","ref2":"MAGS VG","ref2Range":"","ref3":"","ref3Range":"","videoUrl":""},{"time":"12:45","stage":"CUP POOL","pitch":"AGP 2","homeTeam":"Surrey Bisons","homeTeamScore":"3","homeTeamScoreRange":"Schedule!F12","awayTeam":"Invicta Touch","awayTeamScore":"4","awayTeamScoreRange":"Schedule!F13","ref1":"NICHOLAS VDR","ref1Range":"","ref2":"MATTHEW T","ref2Range":"","ref3":"","ref3Range":"","videoUrl":""}]},{"time":"13:15","fixtures":[{"time":"13:15","stage":"CUP POOL","pitch":"AGP 1","homeTeam":"London Eagles","homeTeamScore":"8","homeTeamScoreRange":"Schedule!C16","awayTeam":"Surrey University","awayTeamScore":"0","awayTeamScoreRange":"Schedule!C17","ref1":"LAYO A","ref1Range":"","ref2":"OWEN C","ref2Range":"","ref3":"","ref3Range":"","videoUrl":""},{"time":"13:15","stage":"CUP POOL","pitch":"AGP 2","homeTeam":"Wolves","homeTeamScore":"2","homeTeamScoreRange":"Schedule!F16","awayTeam":"Farnham Hornets","awayTeamScore":"2","awayTeamScoreRange":"Schedule!F17","ref1":"MAGS VG","ref1Range":"","ref2":"DIEGO J","ref2Range":"","ref3":"","ref3Range":"","videoUrl":""}]},{"time":"13:45","fixtures":[{"time":"13:45","stage":"CUP POOL","pitch":"AGP 1","homeTeam":"London Eagles","homeTeamScore":"5","homeTeamScoreRange":"Schedule!C20","awayTeam":"Surrey Bisons","awayTeamScore":"1","awayTeamScoreRange":"Schedule!C21","ref1":"NICHOLAS VDR","ref1Range":"","ref2":"JONATHAN G","ref2Range":"","ref3":"","ref3Range":"","videoUrl":""},{"time":"13:45","stage":"CUP POOL","pitch":"AGP 2","homeTeam":"Horsham Tigers","homeTeamScore":"0","homeTeamScoreRange":"Schedule!F20","awayTeam":"Farnham Hornets","awayTeamScore":"7","awayTeamScoreRange":"Schedule!F21","ref1":"DIEGO J","ref1Range":"","ref2":"MATTHEW T","ref2Range":"","ref3":"","ref3Range":"","videoUrl":""}]},{"time":"14:15","fixtures":[{"time":"14:15","stage":"CUP POOL","pitch":"AGP 1","homeTeam":"Wolves","homeTeamScore":"1","homeTeamScoreRange":"Schedule!C24","awayTeam":"Surrey Bisons","awayTeamScore":"0","awayTeamScoreRange":"Schedule!C25","ref1":"LAYO A","ref1Range":"","ref2":"MAGS VG","ref2Range":"","ref3":"","ref3Range":"","videoUrl":""},{"time":"14:15","stage":"CUP POOL","pitch":"AGP 2","homeTeam":"Horsham Tigers","homeTeamScore":"4","homeTeamScoreRange":"Schedule!F24","awayTeam":"Invicta Touch","awayTeamScore":"1","awayTeamScoreRange":"Schedule!F25","ref1":"JONATHAN G","ref1Range":"","ref2":"OWEN C","ref2Range":"","ref3":"","ref3Range":"","videoUrl":""}]},{"time":"14:45","fixtures":[{"time":"14:45","stage":"CUP POOL","pitch":"AGP 1","homeTeam":"Wolves","homeTeamScore":"6","homeTeamScoreRange":"Schedule!C28","awayTeam":"Surrey University","awayTeamScore":"3","awayTeamScoreRange":"Schedule!C29","ref1":"DIEGO J","ref1Range":"","ref2":"NICHOLAS VDR","ref2Range":"","ref3":"","ref3Range":"","videoUrl":""},{"time":"14:45","stage":"CUP POOL","pitch":"AGP 2","homeTeam":"London Eagles","homeTeamScore":"4","homeTeamScoreRange":"Schedule!F28","awayTeam":"Farnham Hornets","awayTeamScore":"3","awayTeamScoreRange":"Schedule!F29","ref1":"LAYO A","ref1Range":"","ref2":"MATTHEW T","ref2Range":"","ref3":"","ref3Range":"","videoUrl":""}]},{"time":"15:15","fixtures":[{"time":"15:15","stage":"CUP POOL","pitch":"AGP 1","homeTeam":"Surrey Bisons","homeTeamScore":"3","homeTeamScoreRange":"Schedule!C32","awayTeam":"Surrey University","awayTeamScore":"2","awayTeamScoreRange":"Schedule!C33","ref1":"JONATHAN G","ref1Range":"","ref2":"MAGS VG","ref2Range":"","ref3":"","ref3Range":"","videoUrl":""},{"time":"15:15","stage":"CUP POOL","pitch":"AGP 2","homeTeam":"London Eagles","homeTeamScore":"5","homeTeamScoreRange":"Schedule!F32","awayTeam":"Horsham Tigers","awayTeamScore":"0","awayTeamScoreRange":"Schedule!F33","ref1":"NICHOLAS VDR","ref1Range":"","ref2":"DIEGO J","ref2Range":"","ref3":"","ref3Range":"","videoUrl":""}]},{"time":"15:45","fixtures":[{"time":"15:45","stage":"CUP POOL","pitch":"AGP 1","homeTeam":"Surrey Bisons","homeTeamScore":"2","homeTeamScoreRange":"Schedule!C36","awayTeam":"Farnham Hornets","awayTeamScore":"3","awayTeamScoreRange":"Schedule!C37","ref1":"JONATHAN G","ref1Range":"","ref2":"OWEN C","ref2Range":"","ref3":"","ref3Range":"","videoUrl":""},{"time":"15:45","stage":"CUP POOL","pitch":"AGP 2","homeTeam":"Invicta Touch","homeTeamScore":"4","homeTeamScoreRange":"Schedule!F36","awayTeam":"Wolves","awayTeamScore":"3","awayTeamScoreRange":"Schedule!F37","ref1":"LAYO A","ref1Range":"","ref2":"MATTHEW T","ref2Range":"","ref3":"","ref3Range":"","videoUrl":""}]},{"time":"16:15","fixtures":[{"time":"16:15","stage":"CUP POOL","pitch":"AGP 1","homeTeam":"Surrey University","homeTeamScore":"2","homeTeamScoreRange":"Schedule!C40","awayTeam":"Farnham Hornets","awayTeamScore":"4","awayTeamScoreRange":"Schedule!C41","ref1":"NICHOLAS VDR","ref1Range":"","ref2":"MAGS VG","ref2Range":"","ref3":"","ref3Range":"","videoUrl":""}]},{"time":"16:45","fixtures":[{"time":"16:45","stage":"CUP POOL","pitch":"AGP 1","homeTeam":"Surrey Bisons","homeTeamScore":"1","homeTeamScoreRange":"Schedule!C44","awayTeam":"Horsham Tigers","awayTeamScore":"1","awayTeamScoreRange":"Schedule!C45","ref1":"NICHOLAS VDR","ref1Range":"","ref2":"MATTHEW T","ref2Range":"","ref3":"","ref3Range":"","videoUrl":""},{"time":"16:45","stage":"CUP POOL","pitch":"AGP 2","homeTeam":"Invicta Touch","homeTeamScore":"1","homeTeamScoreRange":"Schedule!F44","awayTeam":"London Eagles","awayTeamScore":"5","awayTeamScoreRange":"Schedule!F45","ref1":"OWEN C","ref1Range":"","ref2":"MAGS VG","ref2Range":"","ref3":"","ref3Range":"","videoUrl":""}]},{"time":"17:15","fixtures":[{"time":"17:15","stage":"CUP POOL","pitch":"AGP 1","homeTeam":"Wolves","homeTeamScore":"6","homeTeamScoreRange":"Schedule!C48","awayTeam":"Horsham Tigers","awayTeamScore":"4","awayTeamScoreRange":"Schedule!C49","ref1":"LAYO A","ref1Range":"","ref2":"DIEGO J","ref2Range":"","ref3":"","ref3Range":"","videoUrl":""},{"time":"17:15","stage":"CUP POOL","pitch":"AGP 2","homeTeam":"Invicta Touch","homeTeamScore":"3","homeTeamScoreRange":"Schedule!F48","awayTeam":"Surrey University","awayTeamScore":"1","awayTeamScoreRange":"Schedule!F49","ref1":"OWEN C","ref1Range":"","ref2":"MATTHEW T","ref2Range":"","ref3":"","ref3Range":"","videoUrl":""}]}],"slotInfo":"GAMES 10 MINUTES PER HALF | 3 MINUTE HALF TIME","playOffSlotInfo":""}],"poolStandings":[{"pool":"Pool Table","standings":[["Pos","Team","PL","TF","TA","TD","Pts"],["1","London Eagles","6","30","6","24","24"],["2","Farnham Hornets","6","24","12","12","19"],["3","Wolves","6","19","16","3","16"],["4","Invicta Touch","6","15","21","-6","15"],["5","Horsham Tigers","6","14","23","-9","13"],["6","Surrey Bisons","6","10","16","-6","10"],["7","Surrey University","6","11","29","-18","6"]]}]}],"fixtureFilters":{"teams":["Farnham Hornets","Horsham Tigers","Invicta Touch","London Eagles","Surrey Bisons","Surrey University","Wolves"],"referees":["CHRISTINE","DIEGO J","JONATHAN G","LAYO A","MAGS VG","MATTHEW T","NICHOLAS VDR","OWEN C"],"times":["12:15","12:45","13:15","13:45","14:15","14:45","15:15","15:45","16:15","16:45","17:15"],"pitches":["AGP 1","AGP 2"],"stages":["CUP POOL"]}}